lib/python2.5/string.pyc
lib/python2.5/weakref.pyc
lib/python2.5/sets.pyc
lib/python2.5/encodings/aliases.pyc
lib/python2.5/encodings/ascii.pyc
lib/python2.5/encodings/__init__.pyc
lib/python2.5/linecache.pyc
lib/python2.5/types.pyc
lib/python2.5/_strptime.pyc
lib/python2.5/sre.pyc
lib/python2.5/sre_constants.pyc
lib/python2.5/codeop.pyc
lib/python2.5/StringIO.pyc
lib/python2.5/os.pyc
lib/python2.5/code.pyc
lib/python2.5/UserDict.pyc
lib/python2.5/gzip.pyc
lib/python2.5/tempfile.pyc
lib/python2.5/socket.pyc
lib/python2.5/textwrap.pyc
lib/python2.5/posixfile.pyc
lib/python2.5/re.pyc
lib/python2.5/stat.pyc
lib/python2.5/codecs.pyc
lib/python2.5/bisect.pyc
lib/python2.5/warnings.pyc
lib/python2.5/random.pyc
lib/python2.5/sre_compile.pyc
lib/python2.5/sre_parse.pyc
lib/python2.5/traceback.pyc
lib/python2.5/tty.pyc
lib/python2.5/posixpath.pyc
lib/python2.5/base64.pyc
lib/python2.5/pprint.pyc
lib/python2.5/atexit.pyc
lib/python2.5/copy_reg.pyc
lib/python2.5/getopt.pyc
lib/python2.5/struct.pyc
lib/python2.5/trace.pyc
lib/python2.5/optparse.pyc
lib/python2.5/copy.pyc
lib/python2.5/__future__.pyc
lib/python2.5/weakref.pyc
lib/python2.5/gettext.pyc
lib/python2.5/locale.pyc
